// Jest Snapshot v1, https://goo.gl/fbAQLP

exports[`Logo renders correctly 1`] = `
<div
  className="logo"
>
  <a
    href="/"
  >
    <img
      alt="logo"
      className="logo__photo"
      height="70"
      src="/logo.png"
      width="70"
    />
  </a>
</div>
`;
