// Jest Snapshot v1, https://goo.gl/fbAQLP

exports[`Newsletter renders correctly 1`] = `
<div
  className="newsletter__module"
>
  <div
    className="newsletter__module__inner"
  >
<<<<<<< HEAD
    <h4>
      Abonnez-vous à notre newsletter !
    </h4>
=======
    <h5>
      Abonnez-vous à notre newsletter !
    </h5>
>>>>>>> fa05346 (feat article on mailchimp usage)
    <div
      className="newsletter__module__form"
    >
      <form
        className="newsletter__module__form__subscribe"
        onSubmit={[Function]}
      >
        <input
          className="newsletter__module__form__subscribe__input"
          id="email"
          name="email"
          onChange={[Function]}
          placeholder="votre email..."
          required={true}
          type="email"
          value=""
        />
        <button
          className="newsletter__module__form__subscribe__submit"
          type="submit"
        >
          S'abonner
        </button>
        <h6>
          
        </h6>
      </form>
    </div>
  </div>
</div>
`;
