// Jest Snapshot v1, https://goo.gl/fbAQLP

exports[`PageTemplate renders correctly 1`] = `
<div
  className="layout"
>
  <div
    className="navbar"
  >
    <nav
      className="navbar__inner"
    >
      <ul
        className="navbar__inner_list"
      >
        <li
          className="navbar__inner_list_item"
        >
          <div
            className="logo"
          >
            <a
              href="/"
            >
              <img
                alt="logo"
                className="logo__photo"
                height="70"
                width="70"
              />
            </a>
          </div>
        </li>
        <li
          className="navbar__inner_list_item"
        >
          <nav
            className="menu"
          >
            <ul
              className="menu__list"
            >
              <li
                className="menu__list-item"
              >
                <a
                  className="menu__list-item-link"
                  href="/test/1/"
                >
                  Test label 1
                </a>
              </li>
              <li
                className="menu__list-item"
              >
                <a
                  className="menu__list-item-link"
                  href="/test/2/"
                >
                  Test label 2
                </a>
              </li>
              <li
                className="menu__list-item"
              >
                <a
                  className="menu__list-item-link"
                  href="/test/3/"
                >
                  Test label 3
                </a>
              </li>
            </ul>
          </nav>
        </li>
      </ul>
    </nav>
  </div>
  <div
    className="page"
  >
    <div
      className="page__inner"
    >
      <h1
        className="page__title"
      >
        test
      </h1>
      <div
        className="page__body"
      >
        <div
          dangerouslySetInnerHTML={
            Object {
              "__html": "<p>test</p>",
            }
          }
        />
      </div>
    </div>
  </div>
  <form
    className="form__module"
    data-netlify="true"
    method="POST"
    name="contact"
  >
    <input
      name="form-name"
      type="hidden"
      value="contact"
    />
    <h1
      className="form__title"
    >
      Un projet en tête ? Contactez-nous !
    </h1>
    <div
      className="form__inner__grid"
    >
      <div
        className="form__inner__grid__element"
      >
        <label
          className="form__inner__grid__element__child"
        >
          Prénom
          <span
            className="form__inner__star"
          >
             *
          </span>
        </label>
        <input
          autoComplete="off"
          className="form__inner__grid__element__child"
          name="name"
          placeholder="Saisir votre prénom"
          required={true}
          type="text"
        />
      </div>
      <div
        className="form__inner__grid__element"
      >
        <label
          className="form__inner__grid__element__child"
        >
          Nom 
          <span
            className="form__inner__star"
          >
             *
          </span>
        </label>
        <input
          className="form__inner__grid__element__child"
          name="firstname"
          placeholder="Saisir votre Nom"
          required={true}
          type="text"
        />
      </div>
      <div
        className="form__inner__grid__element"
      >
        <label
          className="form__inner__grid__element__child"
        >
          Téléphone
        </label>
        <input
          className="form__inner__grid__element__child"
          name="phone"
          placeholder="ex : 06 32 32 32 32"
          type="text"
        />
      </div>
      <div
        className="form__inner__grid__element"
      >
        <label
          className="form__inner__grid__element__child"
        >
          Email 
          <span
            className="form__inner__star"
          >
             *
          </span>
        </label>
        <label
          className="form__not-email"
        >
          Email non valide
        </label>
        <input
          autoComplete="off"
          className="form__inner__grid__element__child"
          name="email"
          onChange={[Function]}
          placeholder="email *"
          required={true}
          type="mail"
        />
      </div>
    </div>
    <div
      className="form__inner__grid__element__message"
    >
      <label
        className="form__inner__grid__element__child"
      >
        Message
      </label>
      <textarea
        className="form__inner__grid__element__child"
        name="message"
        placeholder="Saisir votre message"
      />
    </div>
    <div
      className="form__inner__grid__element__terms"
    >
      <input
        checked={false}
        className="form__inner__grid__element__checkbox"
        name="checkbox"
        onChange={[Function]}
        type="checkbox"
      />
      <label
        className="form__inner__grid__element__child"
      >
        J'accepte de recevoir d'autres communications de HOFFMANN.AI. Vous pouvez vous désabonner à tout moment.
        <br />
        <span
          className="form__inner__checkbox__message"
        >
          En validant, vous autorisez HOFMANN.AI à stocker les données personnelles soumises afin qu'elles fournissent le contenu souhaité.
        </span>
      </label>
    </div>
    <div
      className="form__inner__grid__element__message"
    >
      <input
        className="form__input"
        onClick={[Function]}
        type="submit"
        value="Envoyer"
      />
      <div
        className="form__message"
      />
    </div>
  </form>
  <div
    className="footer"
  >
    <div
      className="footer__inner"
    >
      <div
        className="footer__inner__row"
      >
        <ul
          className="footer__list"
        >
          <li>
            <h6
              className="footer__hoffmann__title"
            >
              <img
                className="footer__hoffmann__title__image"
                src="/logo.png"
              />
              HOFFMANN.AI
            </h6>
          </li>
          <li
            className="footer__list__text"
          >
            Experts en Cloud, DevOps & InfraOps, Web.
          </li>
        </ul>
      </div>
      <div
        className="footer__inner__row__liens"
      >
        <ul
          className="footer__list"
        >
          <li>
            <h6
              className="footer__liens__title"
            >
              Liens
            </h6>
          </li>
          <li
            className="footer__list__other__row"
          >
            <a
              className="footer__list__link"
              href="/test/1/"
            >
              Test label 1
            </a>
          </li>
          <li
            className="footer__list__other__row"
          >
            <a
              className="footer__list__link"
              href="/test/2/"
            >
              Test label 2
            </a>
          </li>
          <li
            className="footer__list__other__row"
          >
            <a
              className="footer__list__link"
              href="/test/3/"
            >
              Test label 3
            </a>
          </li>
        </ul>
      </div>
      <div
        className="footer__inner__row"
      >
        <ul
          className="footer__list"
        >
          <li>
            <h6
              className="footer__legal__title"
            >
              Légal
            </h6>
          </li>
          <li
            className="footer__list__other__row"
          >
            <a
              className="footer__list__link"
              href="/#"
            >
              Politique de confidentialité
            </a>
          </li>
          <li
            className="footer__list__other__row"
          >
            <a
              className="footer__list__link"
              href="/#"
            >
              Conditions d'utilisation
            </a>
          </li>
          <li
            className="footer__list__other__row"
          >
            <a
              className="footer__list__link"
              href="/#"
            >
              Cookies
            </a>
          </li>
        </ul>
      </div>
      <div
        className="footer__inner__row__contact"
      >
        <ul
          className="footer__list"
        >
          <li>
            <h6
              className="footer__legal__title"
            >
              Contact
            </h6>
          </li>
          <li
            className="footer__list__first__row"
          >
            <a
              className="footer__list__link"
              href="mailto:contact@hoffmann.ai"
            >
              contact@hoffmann.ai
            </a>
          </li>
          <li
            className="footer__list__first__row"
          >
            <a
              className="footer__list__link"
              href="tel:+33 6 21 19 56 74"
            >
              +33 6 21 19 56 74
            </a>
          </li>
        </ul>
      </div>
    </div>
    <div
      className="footer__newsletter"
    >
      <div
        className="footer__newsletter__credits"
      >
        ©2021 HOFFMANN.AI. Tous droits réservés.
      </div>
      <div
        className="footer__newsletter__newsletter"
      >
        <div
          className="newsletter__module"
        >
          <div
            className="newsletter__module__inner"
          >
            <div
              className="newsletter__module__form"
            >
              <form
                className="newsletter__module__form__subscribe"
                onSubmit={[Function]}
              >
                <input
                  className="newsletter__module__form__subscribe__input"
                  id="email"
                  name="email"
                  onChange={[Function]}
                  placeholder="Email"
                  required={true}
                  type="email"
                  value=""
                />
                <button
                  className="newsletter__module__form__subscribe__submit"
                  type="submit"
                >
                  S'abonner
                </button>
                <h6
                  className="newsletter__module__form__message"
                >
                  
                </h6>
              </form>
            </div>
          </div>
        </div>
      </div>
    </div>
  </div>
</div>
`;
