// Jest Snapshot v1, https://goo.gl/fbAQLP

exports[`Sidebar renders correctly 1`] = `
<div
  className="sidebar"
>
  <nav
    className="sidebar__inner"
  >
    <ul
      className="sidebar__inner_list"
    >
      <li
        className="sidebar__inner_list_item"
      >
        <div
          className="logo"
        >
          <a
            href="/"
          >
            <img
              alt="logo"
              className="logo__photo"
              height="75"
              width="75"
            />
          </a>
        </div>
      </li>
      <li
        className="sidebar__inner_list_item"
      >
        <nav
          className="menu"
        >
          <ul
            className="menu__list"
          >
            <li
              className="menu__list-item"
            >
              <a
                className="menu__list-item-link"
                href="/test/1/"
              >
                Test label 1
              </a>
            </li>
            <li
              className="menu__list-item"
            >
              <a
                className="menu__list-item-link"
                href="/test/2/"
              >
                Test label 2
              </a>
            </li>
            <li
              className="menu__list-item"
            >
              <a
                className="menu__list-item-link"
                href="/test/3/"
              >
                Test label 3
              </a>
            </li>
          </ul>
        </nav>
      </li>
      <li
        className="sidebar__inner_list_item"
      />
    </ul>
  </nav>
</div>
`;
